// Jest Snapshot v1, https://goo.gl/fbAQLP

exports[`LoggedIn should match snapshot 1`] = `
ShallowWrapper {
  Symbol(enzyme.__root__): [Circular],
  Symbol(enzyme.__unrendered__): <LoggedIn
    loginUser="nodejs"
  />,
  Symbol(enzyme.__renderer__): Object {
    "batchedUpdates": [Function],
    "checkPropTypes": [Function],
    "getNode": [Function],
    "render": [Function],
    "simulateError": [Function],
    "simulateEvent": [Function],
    "unmount": [Function],
  },
  Symbol(enzyme.__node__): Object {
    "instance": null,
    "key": undefined,
    "nodeType": "host",
    "props": Object {
      "children": Array [
        <div
          className="user-welcome"
        >
          Welcome 
          !
        </div>,
        <div
          className="user-options"
        >
          <Link
            className="favorites-link"
            to="/favorites"
          >
            <span
              className="display-favorites-btn"
            >
              Favorites  
            </span>
          </Link>
           | 
          <Link
            className="logout-link"
            to="/"
          >
            <span
              className="logout-btn"
              onClick={[Function]}
            >
                Logout
            </span>
          </Link>
        </div>,
      ],
      "className": "user-display",
    },
    "ref": null,
    "rendered": Array [
      Object {
        "instance": null,
        "key": undefined,
        "nodeType": "host",
        "props": Object {
          "children": Array [
            "Welcome ",
            undefined,
            "!",
          ],
          "className": "user-welcome",
        },
        "ref": null,
        "rendered": Array [
          "Welcome ",
          undefined,
          "!",
        ],
        "type": "div",
      },
      Object {
        "instance": null,
        "key": undefined,
        "nodeType": "host",
        "props": Object {
          "children": Array [
            <Link
              className="favorites-link"
              to="/favorites"
            >
              <span
                className="display-favorites-btn"
              >
                Favorites  
              </span>
            </Link>,
            " | ",
            <Link
              className="logout-link"
              to="/"
            >
              <span
                className="logout-btn"
                onClick={[Function]}
              >
                  Logout
              </span>
            </Link>,
          ],
          "className": "user-options",
        },
        "ref": null,
        "rendered": Array [
          Object {
            "instance": null,
            "key": undefined,
            "nodeType": "class",
            "props": Object {
              "children": <span
                className="display-favorites-btn"
              >
                Favorites  
              </span>,
              "className": "favorites-link",
              "to": "/favorites",
            },
            "ref": null,
            "rendered": Object {
              "instance": null,
              "key": undefined,
              "nodeType": "host",
              "props": Object {
                "children": "Favorites  ",
                "className": "display-favorites-btn",
              },
              "ref": null,
              "rendered": "Favorites  ",
              "type": "span",
            },
            "type": [Function],
          },
          " | ",
          Object {
            "instance": null,
            "key": undefined,
            "nodeType": "class",
            "props": Object {
              "children": <span
                className="logout-btn"
                onClick={[Function]}
              >
                  Logout
              </span>,
              "className": "logout-link",
              "to": "/",
            },
            "ref": null,
            "rendered": Object {
              "instance": null,
              "key": undefined,
              "nodeType": "host",
              "props": Object {
                "children": "  Logout",
                "className": "logout-btn",
                "onClick": [Function],
              },
              "ref": null,
              "rendered": "  Logout",
              "type": "span",
            },
            "type": [Function],
          },
        ],
        "type": "div",
      },
    ],
    "type": "div",
  },
  Symbol(enzyme.__nodes__): Array [
    Object {
      "instance": null,
      "key": undefined,
      "nodeType": "host",
      "props": Object {
        "children": Array [
          <div
            className="user-welcome"
          >
            Welcome 
            !
          </div>,
          <div
            className="user-options"
          >
            <Link
              className="favorites-link"
              to="/favorites"
            >
              <span
                className="display-favorites-btn"
              >
                Favorites  
              </span>
            </Link>
             | 
            <Link
              className="logout-link"
              to="/"
            >
              <span
                className="logout-btn"
                onClick={[Function]}
              >
                  Logout
              </span>
            </Link>
          </div>,
        ],
        "className": "user-display",
      },
      "ref": null,
      "rendered": Array [
        Object {
          "instance": null,
          "key": undefined,
          "nodeType": "host",
          "props": Object {
            "children": Array [
              "Welcome ",
              undefined,
              "!",
            ],
            "className": "user-welcome",
          },
          "ref": null,
          "rendered": Array [
            "Welcome ",
            undefined,
            "!",
          ],
          "type": "div",
        },
        Object {
          "instance": null,
          "key": undefined,
          "nodeType": "host",
          "props": Object {
            "children": Array [
              <Link
                className="favorites-link"
                to="/favorites"
              >
                <span
                  className="display-favorites-btn"
                >
                  Favorites  
                </span>
              </Link>,
              " | ",
              <Link
                className="logout-link"
                to="/"
              >
                <span
                  className="logout-btn"
                  onClick={[Function]}
                >
                    Logout
                </span>
              </Link>,
            ],
            "className": "user-options",
          },
          "ref": null,
          "rendered": Array [
            Object {
              "instance": null,
              "key": undefined,
              "nodeType": "class",
              "props": Object {
                "children": <span
                  className="display-favorites-btn"
                >
                  Favorites  
                </span>,
                "className": "favorites-link",
                "to": "/favorites",
              },
              "ref": null,
              "rendered": Object {
                "instance": null,
                "key": undefined,
                "nodeType": "host",
                "props": Object {
                  "children": "Favorites  ",
                  "className": "display-favorites-btn",
                },
                "ref": null,
                "rendered": "Favorites  ",
                "type": "span",
              },
              "type": [Function],
            },
            " | ",
            Object {
              "instance": null,
              "key": undefined,
              "nodeType": "class",
              "props": Object {
                "children": <span
                  className="logout-btn"
                  onClick={[Function]}
                >
                    Logout
                </span>,
                "className": "logout-link",
                "to": "/",
              },
              "ref": null,
              "rendered": Object {
                "instance": null,
                "key": undefined,
                "nodeType": "host",
                "props": Object {
                  "children": "  Logout",
                  "className": "logout-btn",
                  "onClick": [Function],
                },
                "ref": null,
                "rendered": "  Logout",
                "type": "span",
              },
              "type": [Function],
            },
          ],
          "type": "div",
        },
      ],
      "type": "div",
    },
  ],
  Symbol(enzyme.__options__): Object {
    "adapter": ReactSixteenAdapter {
      "options": Object {
        "enableComponentDidUpdateOnSetState": true,
        "legacyContextMode": "parent",
        "lifecycles": Object {
          "componentDidUpdate": Object {
            "onSetState": true,
          },
          "getChildContext": Object {
            "calledByRenderer": false,
          },
          "getDerivedStateFromProps": Object {
            "hasShouldComponentUpdateBug": false,
          },
          "getSnapshotBeforeUpdate": true,
          "setState": Object {
            "skipsComponentDidUpdateOnNullish": true,
          },
        },
      },
    },
  },
  Symbol(enzyme.__childContext__): null,
}
`;
